../Core/Src/blue_hal.c:29:6:Init	24	static
../Core/Src/blue_hal.c:40:10:Measure_IR_Dist	32	static
../Core/Src/blue_hal.c:100:6:Set_Motor_Dir	40	static
../Core/Src/blue_hal.c:164:6:Set_Motor_PWM	24	static
../Core/Src/blue_hal.c:186:6:bh_uart_tx_str	24	static
../Core/Src/blue_hal.c:192:6:bh_ble_tx	16	static
../Core/Src/blue_hal.c:197:6:Set_LED	24	static
../Core/Src/blue_hal.c:225:6:bh_set_buzzer	16	static
../Core/Src/blue_hal.c:230:10:Get_Enc_Count	24	static
../Core/Src/blue_hal.c:246:6:Reset_Enc_Count	24	static
../Core/Src/blue_hal.c:263:6:Reset_Enc_Count_To_Max	24	static
../Core/Src/blue_hal.c:281:10:Measure_Avg_IR_Dist	24	static
../Core/Src/blue_hal.c:291:6:Move_One_Cell	96	static
../Core/Src/blue_hal.c:414:6:Rotate_Mouse_By_Enc_Ticks	32	static
../Core/Src/blue_hal.c:497:6:Straight_Line_Encoder_Test	160	static
../Core/Src/blue_hal.c:574:6:Spin_Motor_By_Enc_Ticks	24	static
../Core/Src/blue_hal.c:607:13:ADC1_Select_CH4	24	static
../Core/Src/blue_hal.c:619:13:ADC1_Select_CH5	24	static
../Core/Src/blue_hal.c:631:13:ADC1_Select_CH8	24	static
../Core/Src/blue_hal.c:643:13:ADC1_Select_CH9	24	static
