../Core/Src/blue_hal.c:30:6:bh_init	24	static
../Core/Src/blue_hal.c:40:10:bh_measure_dist	32	static
../Core/Src/blue_hal.c:94:6:bh_set_motor_dir	40	static
../Core/Src/blue_hal.c:151:6:bh_set_motor_pwm	24	static
../Core/Src/blue_hal.c:169:6:bh_uart_tx_str	24	static
../Core/Src/blue_hal.c:174:6:bh_ble_tx	16	static
../Core/Src/blue_hal.c:178:6:bh_set_led	24	static
../Core/Src/blue_hal.c:200:6:bh_set_buzzer	16	static
../Core/Src/blue_hal.c:204:10:bh_get_enc_cnt	24	static
../Core/Src/blue_hal.c:217:6:bh_reset_enc_cnt	24	static
../Core/Src/blue_hal.c:231:6:bh_reset_enc_cnt_to_max	24	static
../Core/Src/blue_hal.c:245:10:bh_measure_dist_avg	24	static
../Core/Src/blue_hal.c:253:6:BH_Rotate_Tick_Amnt	128	static
../Core/Src/blue_hal.c:334:6:Straight_Line_Encoder_Test	160	static
../Core/Src/blue_hal.c:426:6:spin_motor_by_encoder_count	24	static
../Core/Src/blue_hal.c:458:13:ADC1_Select_CH4	24	static
../Core/Src/blue_hal.c:470:13:ADC1_Select_CH5	24	static
../Core/Src/blue_hal.c:482:13:ADC1_Select_CH8	24	static
../Core/Src/blue_hal.c:494:13:ADC1_Select_CH9	24	static
