cli.c:38:6:cli_init	16	static
cli.c:41:6:cli_update	16	static
cli.c:62:13:buf_is_full	4	static
cli.c:69:13:handle_cmd	56	static
cli.c:123:13:handle_cmd_prefix	16	static
cli.c:147:13:handle_hw_cmd	8	static
cli.c:151:13:handle_led_cmd	24	static
cli.c:188:13:handle_sm_cmd	88	static
cli.c:248:13:handle_dist_cmd	32	static
cli.c:279:13:handle_enc_cmd	32	static
cli.c:327:13:handle_spd_cmd	48	static
cli.c:375:13:handle_leftturn_cmd	8	static
cli.c:380:13:handle_straight_cmd	8	static
cli.c:384:13:handle_gyro_cmd	32	static
